// Jest Snapshot v1, https://goo.gl/fbAQLP

exports[`render <NotFound> 1`] = `
Object {
  "asFragment": [Function],
  "baseElement": <body>
    <div>
      <div
        class="notFound"
      >
        <div
          class="logo1"
        >
          <img
            alt="logo"
            class="appLogo"
            src="autologo.png"
          />
        </div>
        <div
          class="desc"
        >
          <p
            class="font32 fontbold"
          >
            404-Not Found
          </p>
          <p
            class="font18"
          >
            Sorry the page you are looking for doesnot exist.
          </p>
          <p
            class="font18"
          >
            You can always go back to the 
            <a
              class="ctacolor"
              href="/"
            >
              homepage
            </a>
            .
          </p>
        </div>
      </div>
    </div>
  </body>,
  "container": <div>
    <div
      class="notFound"
    >
      <div
        class="logo1"
      >
        <img
          alt="logo"
          class="appLogo"
          src="autologo.png"
        />
      </div>
      <div
        class="desc"
      >
        <p
          class="font32 fontbold"
        >
          404-Not Found
        </p>
        <p
          class="font18"
        >
          Sorry the page you are looking for doesnot exist.
        </p>
        <p
          class="font18"
        >
          You can always go back to the 
          <a
            class="ctacolor"
            href="/"
          >
            homepage
          </a>
          .
        </p>
      </div>
    </div>
  </div>,
  "debug": [Function],
  "findAllByAltText": [Function],
  "findAllByDisplayValue": [Function],
  "findAllByLabelText": [Function],
  "findAllByPlaceholderText": [Function],
  "findAllByRole": [Function],
  "findAllByTestId": [Function],
  "findAllByText": [Function],
  "findAllByTitle": [Function],
  "findByAltText": [Function],
  "findByDisplayValue": [Function],
  "findByLabelText": [Function],
  "findByPlaceholderText": [Function],
  "findByRole": [Function],
  "findByTestId": [Function],
  "findByText": [Function],
  "findByTitle": [Function],
  "getAllByAltText": [Function],
  "getAllByDisplayValue": [Function],
  "getAllByLabelText": [Function],
  "getAllByPlaceholderText": [Function],
  "getAllByRole": [Function],
  "getAllByTestId": [Function],
  "getAllByText": [Function],
  "getAllByTitle": [Function],
  "getByAltText": [Function],
  "getByDisplayValue": [Function],
  "getByLabelText": [Function],
  "getByPlaceholderText": [Function],
  "getByRole": [Function],
  "getByTestId": [Function],
  "getByText": [Function],
  "getByTitle": [Function],
  "queryAllByAltText": [Function],
  "queryAllByDisplayValue": [Function],
  "queryAllByLabelText": [Function],
  "queryAllByPlaceholderText": [Function],
  "queryAllByRole": [Function],
  "queryAllByTestId": [Function],
  "queryAllByText": [Function],
  "queryAllByTitle": [Function],
  "queryByAltText": [Function],
  "queryByDisplayValue": [Function],
  "queryByLabelText": [Function],
  "queryByPlaceholderText": [Function],
  "queryByRole": [Function],
  "queryByTestId": [Function],
  "queryByText": [Function],
  "queryByTitle": [Function],
  "rerender": [Function],
  "unmount": [Function],
}
`;
