// Jest Snapshot v1, https://goo.gl/fbAQLP

exports[`render <Filter> 1`] = `
Object {
  "asFragment": [Function],
  "baseElement": <body>
    <div>
      <div
        class="filter-main"
      >
        <div
          class="subdiv"
        >
          <div
            class="control"
          >
            <label>
              Color
            </label>
            <div>
              <select
                data-testid="color-test-id"
                name="color"
              >
                <option
                  value="none"
                >
                  All car colors
                </option>
              </select>
            </div>
          </div>
          <div
            class="control"
          >
            <label>
              Manufacturer
            </label>
            <div>
              <select
                data-testid="manufacturer-test-id"
                name="manufacturer"
              >
                <option
                  value="none"
                >
                  All manufacturers
                </option>
              </select>
            </div>
          </div>
          <div
            class="btndiv"
          >
             
            <button
              class="filterbtn"
            >
              Filter
            </button>
          </div>
        </div>
      </div>
    </div>
  </body>,
  "container": <div>
    <div
      class="filter-main"
    >
      <div
        class="subdiv"
      >
        <div
          class="control"
        >
          <label>
            Color
          </label>
          <div>
            <select
              data-testid="color-test-id"
              name="color"
            >
              <option
                value="none"
              >
                All car colors
              </option>
            </select>
          </div>
        </div>
        <div
          class="control"
        >
          <label>
            Manufacturer
          </label>
          <div>
            <select
              data-testid="manufacturer-test-id"
              name="manufacturer"
            >
              <option
                value="none"
              >
                All manufacturers
              </option>
            </select>
          </div>
        </div>
        <div
          class="btndiv"
        >
           
          <button
            class="filterbtn"
          >
            Filter
          </button>
        </div>
      </div>
    </div>
  </div>,
  "debug": [Function],
  "findAllByAltText": [Function],
  "findAllByDisplayValue": [Function],
  "findAllByLabelText": [Function],
  "findAllByPlaceholderText": [Function],
  "findAllByRole": [Function],
  "findAllByTestId": [Function],
  "findAllByText": [Function],
  "findAllByTitle": [Function],
  "findByAltText": [Function],
  "findByDisplayValue": [Function],
  "findByLabelText": [Function],
  "findByPlaceholderText": [Function],
  "findByRole": [Function],
  "findByTestId": [Function],
  "findByText": [Function],
  "findByTitle": [Function],
  "getAllByAltText": [Function],
  "getAllByDisplayValue": [Function],
  "getAllByLabelText": [Function],
  "getAllByPlaceholderText": [Function],
  "getAllByRole": [Function],
  "getAllByTestId": [Function],
  "getAllByText": [Function],
  "getAllByTitle": [Function],
  "getByAltText": [Function],
  "getByDisplayValue": [Function],
  "getByLabelText": [Function],
  "getByPlaceholderText": [Function],
  "getByRole": [Function],
  "getByTestId": [Function],
  "getByText": [Function],
  "getByTitle": [Function],
  "queryAllByAltText": [Function],
  "queryAllByDisplayValue": [Function],
  "queryAllByLabelText": [Function],
  "queryAllByPlaceholderText": [Function],
  "queryAllByRole": [Function],
  "queryAllByTestId": [Function],
  "queryAllByText": [Function],
  "queryAllByTitle": [Function],
  "queryByAltText": [Function],
  "queryByDisplayValue": [Function],
  "queryByLabelText": [Function],
  "queryByPlaceholderText": [Function],
  "queryByRole": [Function],
  "queryByTestId": [Function],
  "queryByText": [Function],
  "queryByTitle": [Function],
  "rerender": [Function],
  "unmount": [Function],
}
`;
